// Jest Snapshot v1, https://goo.gl/fbAQLP

exports[`CommentsSection renders CommentSection without issues 1`] = `
<Router
  history={
    Object {
      "action": "POP",
      "block": [Function],
      "createHref": [Function],
      "go": [Function],
      "goBack": [Function],
      "goForward": [Function],
      "length": 1,
      "listen": [Function],
      "location": Object {
        "hash": "",
        "pathname": "/",
        "search": "",
        "state": undefined,
      },
      "push": [Function],
      "replace": [Function],
    }
  }
>
  <withRouter(CommentsSection)
    comments={
      Object {
        "article_id": 1,
        "content": "test comment content",
        "date_created": "2019-10-14T21:49:20.570Z",
        "id": 1,
        "user": Object {
          "username": "Pop123",
        },
      }
    }
  />
</Router>
`;
