// Jest Snapshot v1, https://goo.gl/fbAQLP

exports[`AddCommentForm Component renders AddCommentForm without issues 1`] = `
<ContextConsumer>
  <Component />
</ContextConsumer>
`;
