// Jest Snapshot v1, https://goo.gl/fbAQLP

exports[`AddArticleForm Component renders AddArticleForm without issues 1`] = `
<ContextConsumer>
  <Component />
</ContextConsumer>
`;
