// Jest Snapshot v1, https://goo.gl/fbAQLP

exports[`CategoriesList Component renders CategoriesList component without issues 1`] = `
<Router
  history={
    Object {
      "action": "POP",
      "block": [Function],
      "createHref": [Function],
      "go": [Function],
      "goBack": [Function],
      "goForward": [Function],
      "length": 1,
      "listen": [Function],
      "location": Object {
        "hash": "",
        "pathname": "/",
        "search": "",
        "state": undefined,
      },
      "push": [Function],
      "replace": [Function],
    }
  }
>
  <withRouter(CategoriesList)
    categories={
      Array [
        Object {
          "name": "Diary",
        },
        Object {
          "name": "Guide",
        },
        Object {
          "name": "Advice",
        },
        Object {
          "name": "Interview",
        },
        Object {
          "name": "Random",
        },
        Object {
          "name": "News",
        },
      ]
    }
  />
</Router>
`;
